// Jest Snapshot v1, https://goo.gl/fbAQLP

exports[`Correctly render Map component 1`] = `
<div
  className="cities__right-section"
>
  <section
    className="cities__map map"
  >
    <div
      style={
        Object {
          "height": "800px",
          "top": "170px",
          "width": "100%",
        }
      }
    />
  </section>
</div>
`;
